// Jest Snapshot v1, https://goo.gl/fbAQLP

exports[`Arbeidsgiver Skal vise arbeidsgiver 1`] = `
Array [
  <style
    dangerouslySetInnerHTML={
      Object {
        "__html": "
.arbeidsgiver--111111111 {
  grid-area: arbeidsgiver--111111111;
}
",
      }
    }
  />,
  <div
    className="item arbeidsgiver arbeidsgiver--111111111"
  >
    <p
      className="typo-undertekst"
    >
      Org. nr
    </p>
    <p
      className="typo-element"
    >
      111111111
    </p>
  </div>,
]
`;
