// Jest Snapshot v1, https://goo.gl/fbAQLP

exports[`InntektApiClient Should handle 200 response 1`] = `
Object {
  "inntekt": Object {
    "arbeidsInntektMaaned": Array [
      Object {
        "aarMaaned": "2017-08",
        "arbeidsInntektInformasjon": Object {
          "inntektListe": Array [
            Object {
              "beloep": "0.00",
              "beskrivelse": "Total lønnsinntekt",
              "fordel": "kontantytelse",
              "header": "Total lønnsinntekt",
              "informasjonsstatus": "InngaarAlltid",
              "inngaarIGrunnlagForTrekk": true,
              "inntektType": "LOENNSINNTEKT",
              "inntektskilde": "A-ordningen",
              "inntektsmottaker": Object {
                "aktoerType": "AKTOER_ID",
                "identifikator": "99999999999",
              },
              "inntektsperiodetype": "Maaned",
              "inntektsstatus": "LoependeInnrapportert",
              "leveringstidspunkt": "2019-02",
              "opplysningspliktig": Object {
                "aktoerType": "ORGANISASJON",
                "identifikator": "222222222",
              },
              "utbetaltIMaaned": "2018-03",
              "utloeserArbeidsgiveravgift": true,
              "verdikode": "Fastlønn",
              "virksomhet": Object {
                "aktoerType": "ORGANISASJON",
                "identifikator": "222222222",
              },
            },
          ],
        },
      },
      Object {
        "aarMaaned": "2017-07",
        "arbeidsInntektInformasjon": Object {
          "inntektListe": Array [
            Object {
              "beloep": "6410.26",
              "beskrivelse": "Total lønnsinntekt",
              "fordel": "kontantytelse",
              "header": "Total lønnsinntekt",
              "informasjonsstatus": "InngaarAlltid",
              "inngaarIGrunnlagForTrekk": true,
              "inntektType": "LOENNSINNTEKT",
              "inntektskilde": "A-ordningen",
              "inntektsmottaker": Object {
                "aktoerType": "AKTOER_ID",
                "identifikator": "99999999999",
              },
              "inntektsperiodetype": "Maaned",
              "inntektsstatus": "LoependeInnrapportert",
              "leveringstidspunkt": "2019-02",
              "opplysningspliktig": Object {
                "aktoerType": "ORGANISASJON",
                "identifikator": "222222222",
              },
              "utbetaltIMaaned": "2017-09",
              "utloeserArbeidsgiveravgift": true,
              "verdikode": "Fastlønn",
              "virksomhet": Object {
                "aktoerType": "ORGANISASJON",
                "identifikator": "222222222",
              },
            },
            Object {
              "beloep": "41666.67",
              "beskrivelse": "Fastlønn",
              "fordel": "kontantytelse",
              "header": "Kontaktytelse",
              "informasjonsstatus": "InngaarAlltid",
              "inngaarIGrunnlagForTrekk": true,
              "inntektType": "LOENNSINNTEKT",
              "inntektskilde": "A-ordningen",
              "inntektsmottaker": Object {
                "aktoerType": "AKTOER_ID",
                "identifikator": "99999999999",
              },
              "inntektsperiodetype": "Maaned",
              "inntektsstatus": "LoependeInnrapportert",
              "leveringstidspunkt": "2019-02",
              "opplysningspliktig": Object {
                "aktoerType": "ORGANISASJON",
                "identifikator": "111111111",
              },
              "utbetaltIMaaned": "2017-09",
              "utloeserArbeidsgiveravgift": true,
              "verdikode": "Fastlønn",
              "virksomhet": Object {
                "aktoerType": "ORGANISASJON",
                "identifikator": "111111111",
              },
            },
            Object {
              "beloep": "48076.93",
              "beskrivelse": "Trekk i lønn for ferie",
              "fordel": "kontantytelse",
              "informasjonsstatus": "InngaarAlltid",
              "inngaarIGrunnlagForTrekk": true,
              "inntektType": "LOENNSINNTEKT",
              "inntektskilde": "A-ordningen",
              "inntektsmottaker": Object {
                "aktoerType": "AKTOER_ID",
                "identifikator": "99999999999",
              },
              "inntektsperiodetype": "Maaned",
              "inntektsstatus": "LoependeInnrapportert",
              "leveringstidspunkt": "2019-02",
              "opplysningspliktig": Object {
                "aktoerType": "ORGANISASJON",
                "identifikator": "111111111",
              },
              "utbetaltIMaaned": "2017-09",
              "utloeserArbeidsgiveravgift": true,
              "verdikode": "Fastlønn",
              "virksomhet": Object {
                "aktoerType": "ORGANISASJON",
                "identifikator": "111111111",
              },
            },
          ],
        },
      },
      Object {
        "aarMaaned": "2017-09",
        "arbeidsInntektInformasjon": Object {
          "inntektListe": Array [
            Object {
              "beloep": "54194.06",
              "beskrivelse": "Total lønnsinntekt",
              "fordel": "kontantytelse",
              "header": "Total lønnsinntekt",
              "informasjonsstatus": "InngaarAlltid",
              "inngaarIGrunnlagForTrekk": true,
              "inntektType": "LOENNSINNTEKT",
              "inntektskilde": "A-ordningen",
              "inntektsmottaker": Object {
                "aktoerType": "AKTOER_ID",
                "identifikator": "99999999999",
              },
              "inntektsperiodetype": "Maaned",
              "inntektsstatus": "LoependeInnrapportert",
              "leveringstidspunkt": "2019-02",
              "opplysningspliktig": Object {
                "aktoerType": "ORGANISASJON",
                "identifikator": "222222222",
              },
              "utbetaltIMaaned": "2017-08",
              "utloeserArbeidsgiveravgift": true,
              "verdikode": "Fastlønn",
              "virksomhet": Object {
                "aktoerType": "ORGANISASJON",
                "identifikator": "222222222",
              },
            },
            Object {
              "beloep": "48076.26",
              "beskrivelse": "Fastlønn",
              "fordel": "kontantytelse",
              "header": "Kontaktytelse",
              "informasjonsstatus": "InngaarAlltid",
              "inngaarIGrunnlagForTrekk": true,
              "inntektType": "LOENNSINNTEKT",
              "inntektskilde": "A-ordningen",
              "inntektsmottaker": Object {
                "aktoerType": "AKTOER_ID",
                "identifikator": "99999999999",
              },
              "inntektsperiodetype": "Maaned",
              "inntektsstatus": "LoependeInnrapportert",
              "leveringstidspunkt": "2019-02",
              "opplysningspliktig": Object {
                "aktoerType": "ORGANISASJON",
                "identifikator": "111111111",
              },
              "utbetaltIMaaned": "2017-08",
              "utloeserArbeidsgiveravgift": true,
              "verdikode": "Fastlønn",
              "virksomhet": Object {
                "aktoerType": "ORGANISASJON",
                "identifikator": "111111111",
              },
            },
            Object {
              "beloep": "52.00",
              "beskrivelse": "Overtidsgodtgjørelse",
              "fordel": "kontantytelse",
              "informasjonsstatus": "InngaarAlltid",
              "inngaarIGrunnlagForTrekk": true,
              "inntektType": "LOENNSINNTEKT",
              "inntektskilde": "A-ordningen",
              "inntektsmottaker": Object {
                "aktoerType": "AKTOER_ID",
                "identifikator": "99999999999",
              },
              "inntektsperiodetype": "Maaned",
              "inntektsstatus": "LoependeInnrapportert",
              "leveringstidspunkt": "2019-02",
              "opplysningspliktig": Object {
                "aktoerType": "ORGANISASJON",
                "identifikator": "111111111",
              },
              "utbetaltIMaaned": "2017-08",
              "utloeserArbeidsgiveravgift": true,
              "verdikode": "Fastlønn",
              "virksomhet": Object {
                "aktoerType": "ORGANISASJON",
                "identifikator": "111111111",
              },
            },
            Object {
              "beloep": "6065.80",
              "beskrivelse": "Timelønn",
              "fordel": "kontantytelse",
              "informasjonsstatus": "InngaarAlltid",
              "inngaarIGrunnlagForTrekk": true,
              "inntektType": "LOENNSINNTEKT",
              "inntektskilde": "A-ordningen",
              "inntektsmottaker": Object {
                "aktoerType": "AKTOER_ID",
                "identifikator": "99999999999",
              },
              "inntektsperiodetype": "Maaned",
              "inntektsstatus": "LoependeInnrapportert",
              "leveringstidspunkt": "2019-02",
              "opplysningspliktig": Object {
                "aktoerType": "ORGANISASJON",
                "identifikator": "111111111",
              },
              "utbetaltIMaaned": "2017-08",
              "utloeserArbeidsgiveravgift": true,
              "verdikode": "Fastlønn",
              "virksomhet": Object {
                "aktoerType": "ORGANISASJON",
                "identifikator": "111111111",
              },
            },
          ],
        },
      },
      Object {
        "aarMaaned": "2017-10",
        "arbeidsInntektInformasjon": Object {
          "inntektListe": Array [
            Object {
              "beloep": "36886.20",
              "beskrivelse": "Total lønnsinntekt",
              "fordel": "kontantytelse",
              "header": "Total lønnsinntekt",
              "informasjonsstatus": "InngaarAlltid",
              "inngaarIGrunnlagForTrekk": true,
              "inntektType": "LOENNSINNTEKT",
              "inntektskilde": "A-ordningen",
              "inntektsmottaker": Object {
                "aktoerType": "AKTOER_ID",
                "identifikator": "99999999999",
              },
              "inntektsperiodetype": "Maaned",
              "inntektsstatus": "LoependeInnrapportert",
              "leveringstidspunkt": "2019-02",
              "opplysningspliktig": Object {
                "aktoerType": "ORGANISASJON",
                "identifikator": "222222222",
              },
              "tilleggsinformasjon": Object {
                "kategori": "Nettoloennsordning",
              },
              "utbetaltIMaaned": "2018-04",
              "utloeserArbeidsgiveravgift": true,
              "verdikode": "Fastlønn",
              "virksomhet": Object {
                "aktoerType": "ORGANISASJON",
                "identifikator": "222222222",
              },
            },
            Object {
              "beloep": "312.00",
              "beskrivelse": "Overtidsgodtgjørelse",
              "fordel": "kontantytelse",
              "header": "Kontaktytelse",
              "informasjonsstatus": "InngaarAlltid",
              "inngaarIGrunnlagForTrekk": true,
              "inntektType": "LOENNSINNTEKT",
              "inntektskilde": "A-ordningen",
              "inntektsmottaker": Object {
                "aktoerType": "AKTOER_ID",
                "identifikator": "99999999999",
              },
              "inntektsperiodetype": "Maaned",
              "inntektsstatus": "LoependeInnrapportert",
              "leveringstidspunkt": "2019-02",
              "opplysningspliktig": Object {
                "aktoerType": "ORGANISASJON",
                "identifikator": "111111111",
              },
              "utbetaltIMaaned": "2017-08",
              "utloeserArbeidsgiveravgift": true,
              "verdikode": "Fastlønn",
              "virksomhet": Object {
                "aktoerType": "ORGANISASJON",
                "identifikator": "111111111",
              },
            },
            Object {
              "beloep": "36574.20",
              "beskrivelse": "Timelønn",
              "fordel": "kontantytelse",
              "informasjonsstatus": "InngaarAlltid",
              "inngaarIGrunnlagForTrekk": true,
              "inntektType": "LOENNSINNTEKT",
              "inntektskilde": "A-ordningen",
              "inntektsmottaker": Object {
                "aktoerType": "AKTOER_ID",
                "identifikator": "99999999999",
              },
              "inntektsperiodetype": "Maaned",
              "inntektsstatus": "LoependeInnrapportert",
              "leveringstidspunkt": "2019-02",
              "opplysningspliktig": Object {
                "aktoerType": "ORGANISASJON",
                "identifikator": "111111111",
              },
              "utbetaltIMaaned": "2017-08",
              "utloeserArbeidsgiveravgift": true,
              "verdikode": "Fastlønn",
              "virksomhet": Object {
                "aktoerType": "ORGANISASJON",
                "identifikator": "111111111",
              },
            },
          ],
        },
      },
      Object {
        "aarMaaned": "2017-11",
        "arbeidsInntektInformasjon": Object {
          "inntektListe": Array [
            Object {
              "beloep": "39941.20",
              "beskrivelse": "Total lønnsinntekt",
              "fordel": "kontantytelse",
              "header": "Total lønnsinntekt",
              "informasjonsstatus": "InngaarAlltid",
              "inngaarIGrunnlagForTrekk": true,
              "inntektType": "LOENNSINNTEKT",
              "inntektskilde": "A-ordningen",
              "inntektsmottaker": Object {
                "aktoerType": "AKTOER_ID",
                "identifikator": "99999999999",
              },
              "inntektsperiodetype": "Maaned",
              "inntektsstatus": "LoependeInnrapportert",
              "leveringstidspunkt": "2019-02",
              "opplysningspliktig": Object {
                "aktoerType": "ORGANISASJON",
                "identifikator": "111111111",
              },
              "utbetaltIMaaned": "2018-03",
              "utloeserArbeidsgiveravgift": true,
              "verdikode": "Fastlønn",
              "virksomhet": Object {
                "aktoerType": "ORGANISASJON",
                "identifikator": "111111111",
              },
            },
            Object {
              "beloep": "182.00",
              "beskrivelse": "Overtidsgodtgjørelse",
              "fordel": "kontantytelse",
              "header": "Kontantytelse",
              "informasjonsstatus": "InngaarAlltid",
              "inngaarIGrunnlagForTrekk": true,
              "inntektType": "LOENNSINNTEKT",
              "inntektskilde": "A-ordningen",
              "inntektsmottaker": Object {
                "aktoerType": "AKTOER_ID",
                "identifikator": "99999999999",
              },
              "inntektsperiodetype": "Maaned",
              "inntektsstatus": "LoependeInnrapportert",
              "leveringstidspunkt": "2019-02",
              "opplysningspliktig": Object {
                "aktoerType": "ORGANISASJON",
                "identifikator": "111111111",
              },
              "utbetaltIMaaned": "2018-03",
              "utloeserArbeidsgiveravgift": true,
              "verdikode": "Fastlønn",
              "virksomhet": Object {
                "aktoerType": "ORGANISASJON",
                "identifikator": "111111111",
              },
            },
            Object {
              "beloep": "39756.20",
              "beskrivelse": "Timelønn",
              "fordel": "kontantytelse",
              "informasjonsstatus": "InngaarAlltid",
              "inngaarIGrunnlagForTrekk": true,
              "inntektType": "LOENNSINNTEKT",
              "inntektskilde": "A-ordningen",
              "inntektsmottaker": Object {
                "aktoerType": "AKTOER_ID",
                "identifikator": "99999999999",
              },
              "inntektsperiodetype": "Maaned",
              "inntektsstatus": "LoependeInnrapportert",
              "leveringstidspunkt": "2019-02",
              "opplysningspliktig": Object {
                "aktoerType": "ORGANISASJON",
                "identifikator": "111111111",
              },
              "utbetaltIMaaned": "2018-03",
              "utloeserArbeidsgiveravgift": true,
              "verdikode": "Fastlønn",
              "virksomhet": Object {
                "aktoerType": "ORGANISASJON",
                "identifikator": "111111111",
              },
            },
          ],
        },
      },
      Object {
        "aarMaaned": "2019-05",
        "arbeidsInntektInformasjon": Object {
          "inntektListe": Array [
            Object {
              "beloep": "48569.00",
              "beskrivelse": "Total lønnsinntekt",
              "fordel": "kontantytelse",
              "header": "Total lønnsinntekt",
              "informasjonsstatus": "InngaarAlltid",
              "inngaarIGrunnlagForTrekk": true,
              "inntektType": "LOENNSINNTEKT",
              "inntektskilde": "A-ordningen",
              "inntektsmottaker": Object {
                "aktoerType": "AKTOER_ID",
                "identifikator": "99999999999",
              },
              "inntektsperiodetype": "Maaned",
              "inntektsstatus": "LoependeInnrapportert",
              "leveringstidspunkt": "2019-02",
              "opplysningspliktig": Object {
                "aktoerType": "ORGANISASJON",
                "identifikator": "222222222",
              },
              "tilleggsinformasjon": Object {
                "kategori": "Nettoloennsordning",
              },
              "utbetaltIMaaned": "2018-04",
              "utloeserArbeidsgiveravgift": true,
              "verdikode": "Fastlønn",
              "virksomhet": Object {
                "aktoerType": "ORGANISASJON",
                "identifikator": "222222222",
              },
            },
            Object {
              "beloep": "44665.00",
              "beskrivelse": "Fastlønn",
              "fordel": "kontantytelse",
              "header": "Kontaktytelse",
              "informasjonsstatus": "InngaarAlltid",
              "inngaarIGrunnlagForTrekk": true,
              "inntektType": "LOENNSINNTEKT",
              "inntektskilde": "A-ordningen",
              "inntektsmottaker": Object {
                "aktoerType": "AKTOER_ID",
                "identifikator": "99999999999",
              },
              "inntektsperiodetype": "Maaned",
              "inntektsstatus": "LoependeInnrapportert",
              "leveringstidspunkt": "2019-02",
              "opplysningspliktig": Object {
                "aktoerType": "ORGANISASJON",
                "identifikator": "111111111",
              },
              "utbetaltIMaaned": "2017-08",
              "utloeserArbeidsgiveravgift": true,
              "verdikode": "Fastlønn",
              "virksomhet": Object {
                "aktoerType": "ORGANISASJON",
                "identifikator": "111111111",
              },
            },
            Object {
              "beloep": "44665.00",
              "beskrivelse": "Fastlønn",
              "fordel": "kontantytelse",
              "header": "Kontaktytelse",
              "informasjonsstatus": "InngaarAlltid",
              "inngaarIGrunnlagForTrekk": true,
              "inntektType": "LOENNSINNTEKT",
              "inntektskilde": "A-ordningen",
              "inntektsmottaker": Object {
                "aktoerType": "AKTOER_ID",
                "identifikator": "99999999999",
              },
              "inntektsperiodetype": "Maaned",
              "inntektsstatus": "LoependeInnrapportert",
              "leveringstidspunkt": "2019-02",
              "opplysningspliktig": Object {
                "aktoerType": "ORGANISASJON",
                "identifikator": "333333333",
              },
              "utbetaltIMaaned": "2017-08",
              "utloeserArbeidsgiveravgift": true,
              "verdikode": "Fastlønn",
              "virksomhet": Object {
                "aktoerType": "ORGANISASJON",
                "identifikator": "333333333",
              },
            },
            Object {
              "beloep": "44665.00",
              "beskrivelse": "Fastlønn",
              "fordel": "kontantytelse",
              "header": "Kontaktytelse",
              "informasjonsstatus": "InngaarAlltid",
              "inngaarIGrunnlagForTrekk": true,
              "inntektType": "LOENNSINNTEKT",
              "inntektskilde": "A-ordningen",
              "inntektsmottaker": Object {
                "aktoerType": "AKTOER_ID",
                "identifikator": "99999999999",
              },
              "inntektsperiodetype": "Maaned",
              "inntektsstatus": "LoependeInnrapportert",
              "leveringstidspunkt": "2019-02",
              "opplysningspliktig": Object {
                "aktoerType": "ORGANISASJON",
                "identifikator": "444444444",
              },
              "utbetaltIMaaned": "2017-08",
              "utloeserArbeidsgiveravgift": true,
              "verdikode": "Fastlønn",
              "virksomhet": Object {
                "aktoerType": "ORGANISASJON",
                "identifikator": "444444444",
              },
            },
            Object {
              "beloep": "366.00",
              "beskrivelse": "Elektronisk kommunikasjon",
              "fordel": "kontantytelse",
              "header": "Naturalytelse",
              "informasjonsstatus": "InngaarAlltid",
              "inngaarIGrunnlagForTrekk": true,
              "inntektType": "LOENNSINNTEKT",
              "inntektskilde": "A-ordningen",
              "inntektsmottaker": Object {
                "aktoerType": "AKTOER_ID",
                "identifikator": "99999999999",
              },
              "inntektsperiodetype": "Maaned",
              "inntektsstatus": "LoependeInnrapportert",
              "leveringstidspunkt": "2019-02",
              "opplysningspliktig": Object {
                "aktoerType": "ORGANISASJON",
                "identifikator": "111111111",
              },
              "utbetaltIMaaned": "2017-08",
              "utloeserArbeidsgiveravgift": true,
              "verdikode": "Fastlønn",
              "virksomhet": Object {
                "aktoerType": "ORGANISASJON",
                "identifikator": "111111111",
              },
            },
            Object {
              "beloep": "538.00",
              "beskrivelse": "Skattepliktig del av visse typer forsikring",
              "fordel": "kontantytelse",
              "informasjonsstatus": "InngaarAlltid",
              "inngaarIGrunnlagForTrekk": true,
              "inntektType": "LOENNSINNTEKT",
              "inntektskilde": "A-ordningen",
              "inntektsmottaker": Object {
                "aktoerType": "AKTOER_ID",
                "identifikator": "99999999999",
              },
              "inntektsperiodetype": "Maaned",
              "inntektsstatus": "LoependeInnrapportert",
              "leveringstidspunkt": "2019-02",
              "opplysningspliktig": Object {
                "aktoerType": "ORGANISASJON",
                "identifikator": "111111111",
              },
              "utbetaltIMaaned": "2017-08",
              "utloeserArbeidsgiveravgift": true,
              "verdikode": "Fastlønn",
              "virksomhet": Object {
                "aktoerType": "ORGANISASJON",
                "identifikator": "111111111",
              },
            },
          ],
        },
      },
    ],
    "fraDato": "2016-06",
    "ident": Object {
      "aktoerType": "AKTOER_ID",
      "identifikator": "99999999999",
    },
    "tilDato": "2019-05",
  },
  "inntektId": Object {
    "id": "01D8G6FS9QGRT3JKBTA5KEE64C",
  },
  "inntektsmottaker": Object {
    "navn": "Navn Navnesen",
    "pnr": "12345678910",
  },
  "manueltRedigert": true,
  "redigertAvSaksbehandler": true,
  "timestamp": "2019-06-24T11:03:56.907821",
}
`;
