// Jest Snapshot v1, https://goo.gl/fbAQLP

exports[`InntektForm Skal vise ny InntektForm 1`] = `
<form
  onReset={[Function]}
  onSubmit={[Function]}
>
  <style
    dangerouslySetInnerHTML={
      Object {
        "__html": "
  .grid {
    grid-template-areas: \\". maaned--2017-07 maaned--2017-08 maaned--2017-09 maaned--2017-10 maaned--2017-11 maaned--2017-12 \\" \\"arbeidsgiver--222222222 inntekter--222222222--2017-07  inntekter--222222222--2017-08  inntekter--222222222--2017-09  inntekter--222222222--2017-10  inntekter--222222222--2017-11  inntekter--222222222--2017-12 \\" \\"arbeidsgiver--111111111 inntekter--111111111--2017-07  inntekter--111111111--2017-08  inntekter--111111111--2017-09  inntekter--111111111--2017-10  inntekter--111111111--2017-11  inntekter--111111111--2017-12 \\";
",
      }
    }
  />
  <div
    className="grid"
    id="grid"
  >
    <style
      dangerouslySetInnerHTML={
        Object {
          "__html": "
.arbeidsgiver--222222222 {
  grid-area: arbeidsgiver--222222222;
}
",
        }
      }
    />
    <div
      className="item arbeidsgiver arbeidsgiver--222222222"
    >
      <h2
        className="typo-undertittel"
      >
        NAVN
      </h2>
      <p
        className="typo-etikett-liten"
      >
        Org. nr
      </p>
      <p
        className="typo-element"
      >
        222222222
      </p>
    </div>
    <style
      dangerouslySetInnerHTML={
        Object {
          "__html": "
.arbeidsgiver--111111111 {
  grid-area: arbeidsgiver--111111111;
}
",
        }
      }
    />
    <div
      className="item arbeidsgiver arbeidsgiver--111111111"
    >
      <h2
        className="typo-undertittel"
      >
        NAVN
      </h2>
      <p
        className="typo-etikett-liten"
      >
        Org. nr
      </p>
      <p
        className="typo-element"
      >
        111111111
      </p>
    </div>
    <style
      dangerouslySetInnerHTML={
        Object {
          "__html": "
.maaned--2017-07 {
  grid-area: maaned--2017-07;
}
",
        }
      }
    />
    <div
      className="item maaned maaned--2017-07"
    >
      juli 2017
    </div>
    <style
      dangerouslySetInnerHTML={
        Object {
          "__html": "
.inntekter--222222222--2017-07 {
  grid-area: inntekter--222222222--2017-07;
}
",
        }
      }
    />
    <div
      className="item inntekter inntekter--222222222--2017-07"
    >
      <div
        className="ekspanderbartPanel ekspanderbartPanel--lukket"
      >
        <button
          aria-expanded={false}
          className="ekspanderbartPanel__hode"
          onClick={[Function]}
          onKeyDown={[Function]}
          type="button"
        >
          <div
            className="ekspanderbartPanel__flex-wrapper"
          >
            <span
              className="typo-ingress ekspanderbartPanel__heading"
            >
              NOK 6 410,26
            </span>
            <span
              className="ekspanderbartPanel__indikator"
            />
          </div>
        </button>
      </div>
    </div>
    <style
      dangerouslySetInnerHTML={
        Object {
          "__html": "
.inntekter--111111111--2017-07 {
  grid-area: inntekter--111111111--2017-07;
}
",
        }
      }
    />
    <div
      className="item inntekter inntekter--111111111--2017-07"
    >
      <div
        className="ekspanderbartPanel ekspanderbartPanel--lukket"
      >
        <button
          aria-expanded={false}
          className="ekspanderbartPanel__hode"
          onClick={[Function]}
          onKeyDown={[Function]}
          type="button"
        >
          <div
            className="ekspanderbartPanel__flex-wrapper"
          >
            <span
              className="typo-ingress ekspanderbartPanel__heading"
            >
              NOK 89 743,60
            </span>
            <span
              className="ekspanderbartPanel__indikator"
            />
          </div>
        </button>
      </div>
    </div>
    <style
      dangerouslySetInnerHTML={
        Object {
          "__html": "
.maaned--2017-08 {
  grid-area: maaned--2017-08;
}
",
        }
      }
    />
    <div
      className="item maaned maaned--2017-08"
    >
      august 2017
    </div>
    <style
      dangerouslySetInnerHTML={
        Object {
          "__html": "
.inntekter--222222222--2017-08 {
  grid-area: inntekter--222222222--2017-08;
}
",
        }
      }
    />
    <div
      className="item inntekter inntekter--222222222--2017-08"
    >
      <div
        className="ekspanderbartPanel ekspanderbartPanel--lukket"
      >
        <button
          aria-expanded={false}
          className="ekspanderbartPanel__hode"
          onClick={[Function]}
          onKeyDown={[Function]}
          type="button"
        >
          <div
            className="ekspanderbartPanel__flex-wrapper"
          >
            <span
              className="typo-ingress ekspanderbartPanel__heading"
            >
              NOK 0,00
            </span>
            <span
              className="ekspanderbartPanel__indikator"
            />
          </div>
        </button>
      </div>
    </div>
    <style
      dangerouslySetInnerHTML={
        Object {
          "__html": "
.inntekter--111111111--2017-08 {
  grid-area: inntekter--111111111--2017-08;
}
",
        }
      }
    />
    <div
      className="item inntekter inntekter--111111111--2017-08"
    >
      <div
        className="ekspanderbartPanel ekspanderbartPanel--lukket"
      >
        <button
          aria-expanded={false}
          className="ekspanderbartPanel__hode"
          onClick={[Function]}
          onKeyDown={[Function]}
          type="button"
        >
          <div
            className="ekspanderbartPanel__flex-wrapper"
          >
            <span
              className="typo-ingress ekspanderbartPanel__heading"
            >
              NOK 0,00
            </span>
            <span
              className="ekspanderbartPanel__indikator"
            />
          </div>
        </button>
      </div>
    </div>
    <style
      dangerouslySetInnerHTML={
        Object {
          "__html": "
.maaned--2017-09 {
  grid-area: maaned--2017-09;
}
",
        }
      }
    />
    <div
      className="item maaned maaned--2017-09"
    >
      september 2017
    </div>
    <style
      dangerouslySetInnerHTML={
        Object {
          "__html": "
.inntekter--222222222--2017-09 {
  grid-area: inntekter--222222222--2017-09;
}
",
        }
      }
    />
    <div
      className="item inntekter inntekter--222222222--2017-09"
    >
      <div
        className="ekspanderbartPanel ekspanderbartPanel--lukket"
      >
        <button
          aria-expanded={false}
          className="ekspanderbartPanel__hode"
          onClick={[Function]}
          onKeyDown={[Function]}
          type="button"
        >
          <div
            className="ekspanderbartPanel__flex-wrapper"
          >
            <span
              className="typo-ingress ekspanderbartPanel__heading"
            >
              NOK 54 194,06
            </span>
            <span
              className="ekspanderbartPanel__indikator"
            />
          </div>
        </button>
      </div>
    </div>
    <style
      dangerouslySetInnerHTML={
        Object {
          "__html": "
.inntekter--111111111--2017-09 {
  grid-area: inntekter--111111111--2017-09;
}
",
        }
      }
    />
    <div
      className="item inntekter inntekter--111111111--2017-09"
    >
      <div
        className="ekspanderbartPanel ekspanderbartPanel--lukket"
      >
        <button
          aria-expanded={false}
          className="ekspanderbartPanel__hode"
          onClick={[Function]}
          onKeyDown={[Function]}
          type="button"
        >
          <div
            className="ekspanderbartPanel__flex-wrapper"
          >
            <span
              className="typo-ingress ekspanderbartPanel__heading"
            >
              NOK 54 194,06
            </span>
            <span
              className="ekspanderbartPanel__indikator"
            />
          </div>
        </button>
      </div>
    </div>
    <style
      dangerouslySetInnerHTML={
        Object {
          "__html": "
.maaned--2017-10 {
  grid-area: maaned--2017-10;
}
",
        }
      }
    />
    <div
      className="item maaned maaned--2017-10"
    >
      oktober 2017
    </div>
    <style
      dangerouslySetInnerHTML={
        Object {
          "__html": "
.inntekter--222222222--2017-10 {
  grid-area: inntekter--222222222--2017-10;
}
",
        }
      }
    />
    <div
      className="item inntekter inntekter--222222222--2017-10"
    >
      <div
        className="ekspanderbartPanel ekspanderbartPanel--lukket"
      >
        <button
          aria-expanded={false}
          className="ekspanderbartPanel__hode"
          onClick={[Function]}
          onKeyDown={[Function]}
          type="button"
        >
          <div
            className="ekspanderbartPanel__flex-wrapper"
          >
            <span
              className="typo-ingress ekspanderbartPanel__heading"
            >
              NOK 36 886,20
            </span>
            <span
              className="ekspanderbartPanel__indikator"
            />
          </div>
        </button>
      </div>
    </div>
    <style
      dangerouslySetInnerHTML={
        Object {
          "__html": "
.inntekter--111111111--2017-10 {
  grid-area: inntekter--111111111--2017-10;
}
",
        }
      }
    />
    <div
      className="item inntekter inntekter--111111111--2017-10"
    >
      <div
        className="ekspanderbartPanel ekspanderbartPanel--lukket"
      >
        <button
          aria-expanded={false}
          className="ekspanderbartPanel__hode"
          onClick={[Function]}
          onKeyDown={[Function]}
          type="button"
        >
          <div
            className="ekspanderbartPanel__flex-wrapper"
          >
            <span
              className="typo-ingress ekspanderbartPanel__heading"
            >
              NOK 36 886,20
            </span>
            <span
              className="ekspanderbartPanel__indikator"
            />
          </div>
        </button>
      </div>
    </div>
    <style
      dangerouslySetInnerHTML={
        Object {
          "__html": "
.maaned--2017-11 {
  grid-area: maaned--2017-11;
}
",
        }
      }
    />
    <div
      className="item maaned maaned--2017-11"
    >
      november 2017
    </div>
    <style
      dangerouslySetInnerHTML={
        Object {
          "__html": "
.inntekter--222222222--2017-11 {
  grid-area: inntekter--222222222--2017-11;
}
",
        }
      }
    />
    <div
      className="item inntekter inntekter--222222222--2017-11"
    >
      <div
        className="ekspanderbartPanel ekspanderbartPanel--lukket"
      >
        <button
          aria-expanded={false}
          className="ekspanderbartPanel__hode"
          onClick={[Function]}
          onKeyDown={[Function]}
          type="button"
        >
          <div
            className="ekspanderbartPanel__flex-wrapper"
          >
            <span
              className="typo-ingress ekspanderbartPanel__heading"
            >
              NOK 0,00
            </span>
            <span
              className="ekspanderbartPanel__indikator"
            />
          </div>
        </button>
      </div>
    </div>
    <style
      dangerouslySetInnerHTML={
        Object {
          "__html": "
.inntekter--111111111--2017-11 {
  grid-area: inntekter--111111111--2017-11;
}
",
        }
      }
    />
    <div
      className="item inntekter inntekter--111111111--2017-11"
    >
      <div
        className="ekspanderbartPanel ekspanderbartPanel--lukket"
      >
        <button
          aria-expanded={false}
          className="ekspanderbartPanel__hode"
          onClick={[Function]}
          onKeyDown={[Function]}
          type="button"
        >
          <div
            className="ekspanderbartPanel__flex-wrapper"
          >
            <span
              className="typo-ingress ekspanderbartPanel__heading"
            >
              NOK 79 879,40
            </span>
            <span
              className="ekspanderbartPanel__indikator"
            />
          </div>
        </button>
      </div>
    </div>
    <style
      dangerouslySetInnerHTML={
        Object {
          "__html": "
.maaned--2017-12 {
  grid-area: maaned--2017-12;
}
",
        }
      }
    />
    <div
      className="item maaned maaned--2017-12"
    >
      desember 2017
    </div>
    <style
      dangerouslySetInnerHTML={
        Object {
          "__html": "
.inntekter--222222222--2017-12 {
  grid-area: inntekter--222222222--2017-12;
}
",
        }
      }
    />
    <div
      className="item inntekter inntekter--222222222--2017-12"
    >
      <div
        className="ekspanderbartPanel ekspanderbartPanel--lukket"
      >
        <button
          aria-expanded={false}
          className="ekspanderbartPanel__hode"
          onClick={[Function]}
          onKeyDown={[Function]}
          type="button"
        >
          <div
            className="ekspanderbartPanel__flex-wrapper"
          >
            <span
              className="typo-ingress ekspanderbartPanel__heading"
            >
              NOK 48 569,00
            </span>
            <span
              className="ekspanderbartPanel__indikator"
            />
          </div>
        </button>
      </div>
    </div>
    <style
      dangerouslySetInnerHTML={
        Object {
          "__html": "
.inntekter--111111111--2017-12 {
  grid-area: inntekter--111111111--2017-12;
}
",
        }
      }
    />
    <div
      className="item inntekter inntekter--111111111--2017-12"
    >
      <div
        className="ekspanderbartPanel ekspanderbartPanel--lukket"
      >
        <button
          aria-expanded={false}
          className="ekspanderbartPanel__hode"
          onClick={[Function]}
          onKeyDown={[Function]}
          type="button"
        >
          <div
            className="ekspanderbartPanel__flex-wrapper"
          >
            <span
              className="typo-ingress ekspanderbartPanel__heading"
            >
              NOK 45 569,00
            </span>
            <span
              className="ekspanderbartPanel__indikator"
            />
          </div>
        </button>
      </div>
    </div>
  </div>
  <div
    className="toolbar flex knapprad"
  >
    <div
      className="leggtilarbeidsgiver"
    >
      <button
        className="knapp knapp--standard knapp--mini"
        disabled={false}
        onClick={[Function]}
        type="button"
      >
        Legg til arbeidsgiver
      </button>
    </div>
    <div
      className="flexend flex"
    >
      <div
        className="w200 marginhoyre16"
      >
        <p
          className="typo-undertekst"
        >
          Du må bekrefte at de nye opplysningene skal benyttes
        </p>
      </div>
      <button
        className="knapp knapp--hoved knapp--disabled"
        disabled={true}
        onClick={[Function]}
        type="submit"
      >
        Bekreft
      </button>
    </div>
  </div>
</form>
`;
