// Jest Snapshot v1, https://goo.gl/fbAQLP

exports[`Skal vise  1`] = `
Array [
  <h2
    className="typo-undertittel"
  >
    Legg til ny inntektspost for 9876543210 i 
    mai 2019
  </h2>,
  <div
    className="skjemaelement"
  >
    <label
      className="skjemaelement__label"
      htmlFor="beskrivelse"
    >
      <div
        className="flex label"
      >
        Beskrivelse
      </div>
    </label>
    <input
      className="skjemaelement__input input--fullbredde"
      id="beskrivelse"
      name="beskrivelse"
      onBlur={[Function]}
      onChange={[Function]}
      type="text"
      value=""
    />
    <div
      aria-live="assertive"
      role="alert"
    />
  </div>,
  <div
    className="skjemaelement"
  >
    <label
      className="skjemaelement__label"
      htmlFor="beloep"
    >
      <div
        className="flex label"
      >
        Beløp
      </div>
    </label>
    <input
      className="skjemaelement__input input--fullbredde"
      id="beloep"
      name="beloep"
      onBlur={[Function]}
      onChange={[Function]}
      type="number"
      value="0.00"
    />
    <div
      aria-live="assertive"
      role="alert"
    />
  </div>,
  <div
    className=""
    field={
      Object {
        "name": "nyInntektUtloeserArbeidsgiveravgift",
        "onBlur": [Function],
        "onChange": [Function],
        "value": undefined,
      }
    }
    form={
      Object {
        "dirty": false,
        "errors": Object {},
        "handleBlur": [Function],
        "handleChange": [Function],
        "handleReset": [Function],
        "handleSubmit": [Function],
        "initialValues": Object {
          "beloep": "0.00",
          "beskrivelse": "",
        },
        "isSubmitting": false,
        "isValid": false,
        "isValidating": false,
        "registerField": [Function],
        "resetForm": [Function],
        "setError": [Function],
        "setErrors": [Function],
        "setFieldError": [Function],
        "setFieldTouched": [Function],
        "setFieldValue": [Function],
        "setFormikState": [Function],
        "setStatus": [Function],
        "setSubmitting": [Function],
        "setTouched": [Function],
        "setValues": [Function],
        "status": undefined,
        "submitCount": 0,
        "submitForm": [Function],
        "touched": Object {},
        "unregisterField": [Function],
        "validateField": [Function],
        "validateForm": [Function],
        "validateOnBlur": true,
        "validateOnChange": true,
        "values": Object {
          "beloep": "0.00",
          "beskrivelse": "",
        },
      }
    }
  >
    <fieldset
      className="skjema__fieldset"
    >
      <legend
        className="skjema__legend"
      >
        Utløser arbeidsgiveravgift?
      </legend>
      <div
        className="skjemaelement skjemaelement--horisontal"
      >
        <input
          className="skjemaelement__input radioknapp"
          id="nyInntektJa"
          name="nyInntektUtloeserArbeidsgiveravgift"
          type="radio"
          value={true}
        />
        <label
          className="skjemaelement__label"
          htmlFor="nyInntektJa"
        >
          Ja
        </label>
      </div>
      <div
        className="skjemaelement skjemaelement--horisontal"
      >
        <input
          className="skjemaelement__input radioknapp"
          id="nyInntektNei"
          name="nyInntektUtloeserArbeidsgiveravgift"
          type="radio"
          value={false}
        />
        <label
          className="skjemaelement__label"
          htmlFor="nyInntektNei"
        >
          Nei
        </label>
      </div>
    </fieldset>
    <div
      aria-live="assertive"
      role="alert"
    />
  </div>,
  <button
    className="knapp knapp--hoved"
    disabled={false}
    onClick={[Function]}
    type="button"
  >
    Legg til
  </button>,
  <button
    className="knapp knapp--standard"
    disabled={false}
    onClick={[Function]}
    type="button"
  >
    Avbryt
  </button>,
]
`;

exports[`Skal vise ny inntektspost 1`] = `
Array [
  <h2
    className="typo-undertittel"
  >
    Legg til ny inntektspost for 9876543210 i 
    mai 2019
  </h2>,
  <div
    className="skjemaelement"
  >
    <label
      className="skjemaelement__label"
      htmlFor="beskrivelse"
    >
      <div
        className="flex label"
      >
        Beskrivelse
      </div>
    </label>
    <input
      className="skjemaelement__input input--fullbredde"
      id="beskrivelse"
      name="beskrivelse"
      onBlur={[Function]}
      onChange={[Function]}
      type="text"
      value=""
    />
    <div
      aria-live="assertive"
      role="alert"
    />
  </div>,
  <div
    className="skjemaelement"
  >
    <label
      className="skjemaelement__label"
      htmlFor="beloep"
    >
      <div
        className="flex label"
      >
        Beløp
      </div>
    </label>
    <input
      className="skjemaelement__input input--fullbredde"
      id="beloep"
      name="beloep"
      onBlur={[Function]}
      onChange={[Function]}
      type="number"
      value="0.00"
    />
    <div
      aria-live="assertive"
      role="alert"
    />
  </div>,
  <div
    className=""
    field={
      Object {
        "name": "nyInntektUtloeserArbeidsgiveravgift",
        "onBlur": [Function],
        "onChange": [Function],
        "value": undefined,
      }
    }
    form={
      Object {
        "dirty": false,
        "errors": Object {},
        "handleBlur": [Function],
        "handleChange": [Function],
        "handleReset": [Function],
        "handleSubmit": [Function],
        "initialValues": Object {
          "beloep": "0.00",
          "beskrivelse": "",
        },
        "isSubmitting": false,
        "isValid": false,
        "isValidating": false,
        "registerField": [Function],
        "resetForm": [Function],
        "setError": [Function],
        "setErrors": [Function],
        "setFieldError": [Function],
        "setFieldTouched": [Function],
        "setFieldValue": [Function],
        "setFormikState": [Function],
        "setStatus": [Function],
        "setSubmitting": [Function],
        "setTouched": [Function],
        "setValues": [Function],
        "status": undefined,
        "submitCount": 0,
        "submitForm": [Function],
        "touched": Object {},
        "unregisterField": [Function],
        "validateField": [Function],
        "validateForm": [Function],
        "validateOnBlur": true,
        "validateOnChange": true,
        "values": Object {
          "beloep": "0.00",
          "beskrivelse": "",
        },
      }
    }
  >
    <fieldset
      className="skjema__fieldset"
    >
      <legend
        className="skjema__legend"
      >
        Utløser arbeidsgiveravgift?
      </legend>
      <div
        className="skjemaelement skjemaelement--horisontal"
      >
        <input
          className="skjemaelement__input radioknapp"
          id="nyInntektJa"
          name="nyInntektUtloeserArbeidsgiveravgift"
          type="radio"
          value={true}
        />
        <label
          className="skjemaelement__label"
          htmlFor="nyInntektJa"
        >
          Ja
        </label>
      </div>
      <div
        className="skjemaelement skjemaelement--horisontal"
      >
        <input
          className="skjemaelement__input radioknapp"
          id="nyInntektNei"
          name="nyInntektUtloeserArbeidsgiveravgift"
          type="radio"
          value={false}
        />
        <label
          className="skjemaelement__label"
          htmlFor="nyInntektNei"
        >
          Nei
        </label>
      </div>
    </fieldset>
    <div
      aria-live="assertive"
      role="alert"
    />
  </div>,
  <button
    className="knapp knapp--hoved"
    disabled={false}
    onClick={[Function]}
    type="button"
  >
    Legg til
  </button>,
  <button
    className="knapp knapp--standard"
    disabled={false}
    onClick={[Function]}
    type="button"
  >
    Avbryt
  </button>,
]
`;
