// Jest Snapshot v1, https://goo.gl/fbAQLP

exports[`NyMaaned Skal vise ny skjema for ny måned 1`] = `
<form
  onSubmit={[Function]}
>
  <h2
    className="typo-undertittel"
  >
    Legg til ny måned
  </h2>
  <div
    className="skjemaelement"
  >
    <label
      className="skjemaelement__label"
      htmlFor="aarMaaned"
    >
      <div
        className="flex label"
      >
        Måned
      </div>
    </label>
    <input
      autoComplete="off"
      className="skjemaelement__input input--fullbredde"
      formater={false}
      id="aarMaaned"
      name="aarMaaned"
      onBlur={[Function]}
      onChange={[Function]}
      readOnly={false}
      type="month"
      value="2018-01"
    />
    <div
      aria-live="assertive"
      role="alert"
    />
  </div>
  <div
    className="knapprad"
  >
    <button
      className="knapp knapp--hoved knapp--disabled"
      disabled={true}
      onClick={[Function]}
      type="submit"
    >
      Legg til
    </button>
    <button
      className="knapp knapp--standard"
      disabled={false}
      onClick={[Function]}
      type="button"
    >
      Avbryt
    </button>
  </div>
</form>
`;
